<?xml version="1.0" encoding="UTF-8"?>
<testsuites name="Mocha Tests" time="0.0040" tests="3" failures="0">
  <testsuite name="Root Suite" timestamp="2025-03-11T15:57:29" tests="0" time="0.0000" failures="0">
  </testsuite>
  <testsuite name="Sample Test Suite" timestamp="2025-03-11T15:57:29" tests="3" file="C:\Users\Owner\Desktop\WEB\DevOp\Project\1\SimpleApplication\test\sample.test.js" time="0.0040" failures="0">
    <testcase name="Sample Test Suite should pass a basic true check" time="0.0030" classname="should pass a basic true check">
    </testcase>
    <testcase name="Sample Test Suite should correctly add numbers" time="0.0010" classname="should correctly add numbers">
    </testcase>
    <testcase name="Sample Test Suite should correctly check a string" time="0.0000" classname="should correctly check a string">
    </testcase>
  </testsuite>
</testsuites>